odmint@odlm:~$ sudo su
[sudo] password for odmint:          
root@odlm:/home/odmint# su - postgres
postgres@odlm:~$ psql
psql (12.1 (Ubuntu 12.1-1.pgdg18.04+1))
Type "help" for help.

postgres=# CREATE USER odm
postgres-# WITH SUPERUSER CREATEDB CREATEROLE
postgres-# PASSWORD 'Password1'
postgres-# ;
CREATE ROLE
postgres=# psql odm
postgres-# CREATE DATABASE test_database WITH OWNER odm
postgres-# ;
ERROR:  syntax error at or near "psql"
LINE 1: psql odm
        ^
postgres=# 
postgres=# exit
postgres@odlm:~$ exit
logout
root@odlm:/home/odmint# exit
exit
odmint@odlm:~$ psql odm
psql: error: could not connect to server: FATAL:  role "odmint" does not exist
odmint@odlm:~$ psql -h localhost 
Password for user odmint: 
odmint@odlm:~$ psql -h localhost -U myuser
Password for user myuser: 
psql: error: could not connect to server: fe_sendauth: no password supplied
odmint@odlm:~$ psql -h localhost -U odm
Password for user odm: 
psql: error: could not connect to server: FATAL:  database "odm" does not exist
odmint@odlm:~$ psql -h localhost -d test_database -U odm
Password for user odm: 
psql: error: could not connect to server: FATAL:  database "test_database" does not exist
odmint@odlm:~$ psql
psql: error: could not connect to server: FATAL:  role "odmint" does not exist
odmint@odlm:~$ sudo su
root@odlm:/home/odmint# su - postgres
postgres@odlm:~$ psql odm
psql: error: could not connect to server: FATAL:  database "odm" does not exist
postgres@odlm:~$ exit
logout
root@odlm:/home/odmint# exit
exit
odmint@odlm:~$ sudo adduser odm
Adding user `odm' ...
Adding new group `odm' (1001) ...
Adding new user `odm' (1001) with group `odm' ...
Creating home directory `/home/odm' ...
Copying files from `/etc/skel' ...
Enter new UNIX password: 
Retype new UNIX password: 
passwd: password updated successfully
Changing the user information for odm
Enter the new value, or press ENTER for the default
	Full Name []: 
	Room Number []: 
	Work Phone []: 
	Home Phone []: 
	Other []: 
Is the information correct? [Y/n] y
odmint@odlm:~$ sudo -u odm psql
psql: error: could not connect to server: FATAL:  database "odm" does not exist
odmint@odlm:~$ sudo -u odm test_database
sudo: test_database: command not found
odmint@odlm:~$ 
odmint@odlm:~$ 
odmint@odlm:~$ 
odmint@odlm:~$ sudo su postgres
postgres@odlm:/home/odmint$ psql
psql (12.1 (Ubuntu 12.1-1.pgdg18.04+1))
Type "help" for help.

postgres=# \l
                                  List of databases
   Name    |  Owner   | Encoding |   Collate   |    Ctype    |   Access privileges   
-----------+----------+----------+-------------+-------------+-----------------------
 postgres  | postgres | UTF8     | en_GB.UTF-8 | en_GB.UTF-8 | 
 template0 | postgres | UTF8     | en_GB.UTF-8 | en_GB.UTF-8 | =c/postgres          +
           |          |          |             |             | postgres=CTc/postgres
 template1 | postgres | UTF8     | en_GB.UTF-8 | en_GB.UTF-8 | =c/postgres          +
           |          |          |             |             | postgres=CTc/postgres
(3 rows)

postgres=# ^C
postgres=# ^C
postgres=# \du
                                   List of roles
 Role name |                         Attributes                         | Member of 
-----------+------------------------------------------------------------+-----------
 odm       | Superuser, Create role, Create DB                          | {}
 postgres  | Superuser, Create role, Create DB, Replication, Bypass RLS | {}

postgres=# exit
postgres@odlm:/home/odmint$ exit
exit
odmint@odlm:~$ sudo su odm
odm@odlm:/home/odmint$ psql
psql: error: could not connect to server: FATAL:  database "odm" does not exist
odm@odlm:/home/odmint$ psql postgres
psql (12.1 (Ubuntu 12.1-1.pgdg18.04+1))
Type "help" for help.

postgres=# exit
odm@odlm:/home/odmint$ exit
exit
odmint@odlm:~$ sudo su postgres
postgres@odlm:/home/odmint$ psql
psql (12.1 (Ubuntu 12.1-1.pgdg18.04+1))
Type "help" for help.

postgres=# ^C
postgres=# ^C
postgres=# exit
postgres@odlm:/home/odmint$ exit
exit
odmint@odlm:~$ sudo apt-get install pgadmin4
Reading package lists... Done
Building dependency tree       
Reading state information... Done
The following additional packages will be installed:
  alembic fonts-font-awesome fonts-open-sans fonts-roboto-unhinted libjs-jquery libjs-sphinxdoc libjs-underscore pgadmin4-common python-babel-localedata python3-alembic python3-asn1crypto python3-babel python3-blinker python3-click
  python3-colorama python3-cryptography python3-dateutil python3-flask python3-flask-babelex python3-flask-compress python3-flask-gravatar python3-flask-htmlmin python3-flask-login python3-flask-mail python3-flask-migrate
  python3-flask-paranoid python3-flask-principal python3-flask-security python3-flask-sqlalchemy python3-flaskext.wtf python3-htmlmin python3-itsdangerous python3-jinja2 python3-paramiko python3-passlib python3-psycopg2 python3-pyasn1
  python3-simplejson python3-sqlalchemy python3-sqlparse python3-sshtunnel python3-werkzeug python3-wtforms
Suggested packages:
  python3-editor python-blinker-doc python-cryptography-doc python3-cryptography-vectors python-flask-doc python-flask-login-doc python-jinja2-doc python3-gssapi python-psycopg2-doc python-sqlalchemy-doc python3-pymysql python3-fdb
  python-sqlparse-doc ipython3 python3-lxml python3-termcolor python3-watchdog python-werkzeug-doc python3-django python3-django-localflavor
Recommended packages:
  javascript-common pgadmin4-doc python3-openssl
The following NEW packages will be installed
  alembic fonts-font-awesome fonts-open-sans fonts-roboto-unhinted libjs-jquery libjs-sphinxdoc libjs-underscore pgadmin4 pgadmin4-common python-babel-localedata python3-alembic python3-asn1crypto python3-babel python3-blinker
  python3-click python3-colorama python3-cryptography python3-dateutil python3-flask python3-flask-babelex python3-flask-compress python3-flask-gravatar python3-flask-htmlmin python3-flask-login python3-flask-mail python3-flask-migrate
  python3-flask-paranoid python3-flask-principal python3-flask-security python3-flask-sqlalchemy python3-flaskext.wtf python3-htmlmin python3-itsdangerous python3-jinja2 python3-paramiko python3-passlib python3-psycopg2 python3-pyasn1
  python3-simplejson python3-sqlalchemy python3-sqlparse python3-sshtunnel python3-werkzeug python3-wtforms
0 to upgrade, 44 to newly install, 0 to remove and 0 not to upgrade.
Need to get 13.1 MB of archives.
After this operation, 71.0 MB of additional disk space will be used.
Do you want to continue? [Y/n] y
Get:1 http://archive.ubuntu.com/ubuntu bionic/main amd64 python3-dateutil all 2.6.1-1 [52.3 kB]
Get:2 http://archive.ubuntu.com/ubuntu bionic/main amd64 python3-sqlalchemy all 1.1.11+ds1-1ubuntu1 [680 kB]
Get:3 http://apt.postgresql.org/pub/repos/apt bionic-pgdg/main amd64 python3-flask-babelex all 0.9.3-1~pgdg18.04+1 [9,236 B]
Get:4 http://archive.ubuntu.com/ubuntu bionic/main amd64 python3-alembic all 0.9.3-2ubuntu1 [105 kB]
Get:5 http://archive.ubuntu.com/ubuntu bionic/main amd64 libjs-jquery all 3.2.1-1 [152 kB]
Get:6 http://archive.ubuntu.com/ubuntu bionic/main amd64 libjs-underscore all 1.8.3~dfsg-1 [59.9 kB]
Get:7 http://apt.postgresql.org/pub/repos/apt bionic-pgdg/main amd64 python3-flask-htmlmin all 1.3.2-1~pgdg18.04+1 [4,080 B]
Get:8 http://apt.postgresql.org/pub/repos/apt bionic-pgdg/main amd64 python3-psycopg2 amd64 2.8.4-1~pgdg18.04+1 [117 kB]
Get:9 http://archive.ubuntu.com/ubuntu bionic/main amd64 libjs-sphinxdoc all 1.6.7-1ubuntu1 [85.6 kB]
Get:10 http://archive.ubuntu.com/ubuntu bionic/main amd64 alembic all 0.9.3-2ubuntu1 [239 kB]
Get:11 http://archive.ubuntu.com/ubuntu bionic/main amd64 fonts-font-awesome all 4.7.0~dfsg-3 [513 kB]
Get:12 http://archive.ubuntu.com/ubuntu bionic/universe amd64 fonts-open-sans all 1.11-1 [575 kB]
Get:13 http://archive.ubuntu.com/ubuntu bionic/universe amd64 fonts-roboto-unhinted all 2:0~20160106-2 [2,202 kB]
Get:14 http://apt.postgresql.org/pub/repos/apt bionic-pgdg/main amd64 python3-sshtunnel all 0.1.4-1~pgdg18.04+1 [22.7 kB]
Get:15 http://apt.postgresql.org/pub/repos/apt bionic-pgdg/main amd64 pgadmin4-common all 4.15-1.pgdg18.04+1 [2,974 kB]
Get:16 http://archive.ubuntu.com/ubuntu bionic/main amd64 python3-asn1crypto all 0.24.0-1 [72.8 kB]
Get:17 http://archive.ubuntu.com/ubuntu bionic-updates/main amd64 python3-cryptography amd64 2.1.4-1ubuntu1.3 [221 kB]
Get:18 http://archive.ubuntu.com/ubuntu bionic/main amd64 python3-colorama all 0.3.7-1 [14.9 kB]
Get:19 http://archive.ubuntu.com/ubuntu bionic/main amd64 python3-click all 6.7-3 [56.5 kB]
Get:20 http://archive.ubuntu.com/ubuntu bionic/main amd64 python3-itsdangerous all 0.24+dfsg1-2 [12.0 kB]
Get:21 http://archive.ubuntu.com/ubuntu bionic-updates/main amd64 python3-jinja2 all 2.10-1ubuntu0.18.04.1 [95.4 kB]
Get:22 http://archive.ubuntu.com/ubuntu bionic/universe amd64 python3-werkzeug all 0.14.1+dfsg1-1 [174 kB]
Get:23 http://archive.ubuntu.com/ubuntu bionic/universe amd64 python3-flask all 0.12.2-3 [62.3 kB]
Get:24 http://archive.ubuntu.com/ubuntu bionic/main amd64 python-babel-localedata all 2.4.0+dfsg.1-2ubuntu1 [3,412 kB]
Get:25 http://archive.ubuntu.com/ubuntu bionic/main amd64 python3-babel all 2.4.0+dfsg.1-2ubuntu1 [79.9 kB]
Get:26 http://archive.ubuntu.com/ubuntu bionic/universe amd64 python3-flask-compress all 1.4.0-1 [6,484 B]
Get:27 http://archive.ubuntu.com/ubuntu bionic/universe amd64 python3-flask-gravatar all 0.4.2-1 [5,384 B]
Get:28 http://archive.ubuntu.com/ubuntu bionic/universe amd64 python3-htmlmin all 0.1.12-1 [18.6 kB]
Get:29 http://archive.ubuntu.com/ubuntu bionic/universe amd64 python3-flask-login all 0.4.0-2 [15.7 kB]
Get:30 http://archive.ubuntu.com/ubuntu bionic/universe amd64 python3-flask-sqlalchemy all 2.1-3build1 [13.8 kB]
Get:31 http://archive.ubuntu.com/ubuntu bionic/universe amd64 python3-flask-migrate all 2.1.1-2 [10.2 kB]
Get:32 http://archive.ubuntu.com/ubuntu bionic/universe amd64 python3-flask-paranoid all 0.2.0-2 [4,856 B]
Get:33 http://archive.ubuntu.com/ubuntu bionic/main amd64 python3-blinker all 1.4+dfsg1-0.1 [13.1 kB]
Get:34 http://archive.ubuntu.com/ubuntu bionic/universe amd64 python3-flask-mail all 0.9.1+dfsg1-1 [14.1 kB]
Get:35 http://archive.ubuntu.com/ubuntu bionic/universe amd64 python3-flask-principal all 0.4.0-1build1 [7,586 B]
Get:36 http://archive.ubuntu.com/ubuntu bionic/universe amd64 python3-wtforms all 2.1-1 [61.3 kB]
Get:37 http://archive.ubuntu.com/ubuntu bionic/universe amd64 python3-flaskext.wtf all 0.14.2-2 [12.4 kB]
Get:38 http://archive.ubuntu.com/ubuntu bionic/universe amd64 python3-passlib all 1.7.1-1 [347 kB]
Get:39 http://archive.ubuntu.com/ubuntu bionic/universe amd64 python3-flask-security all 1.7.5-2 [22.3 kB]
Get:40 http://archive.ubuntu.com/ubuntu bionic/main amd64 python3-simplejson amd64 3.13.2-1 [49.6 kB]
Get:41 http://archive.ubuntu.com/ubuntu bionic/main amd64 python3-sqlparse all 0.2.4-0.1 [28.1 kB]
Get:42 http://archive.ubuntu.com/ubuntu bionic/main amd64 python3-pyasn1 all 0.4.2-3 [46.8 kB]
Get:43 http://archive.ubuntu.com/ubuntu bionic-updates/main amd64 python3-paramiko all 2.0.0-1ubuntu1.2 [110 kB]
Get:44 http://apt.postgresql.org/pub/repos/apt bionic-pgdg/main amd64 pgadmin4 amd64 4.15-1.pgdg18.04+1 [271 kB]
Fetched 13.1 MB in 6s (2,156 kB/s)                                                                                                                                                                                                           
Extract templates from packages: 100%
Selecting previously unselected package python3-dateutil.
(Reading database ... 255316 files and directories currently installed.)
Preparing to unpack .../00-python3-dateutil_2.6.1-1_all.deb ...
Unpacking python3-dateutil (2.6.1-1) ...
Selecting previously unselected package python3-sqlalchemy.
Preparing to unpack .../01-python3-sqlalchemy_1.1.11+ds1-1ubuntu1_all.deb ...
Unpacking python3-sqlalchemy (1.1.11+ds1-1ubuntu1) ...
Selecting previously unselected package python3-alembic.
Preparing to unpack .../02-python3-alembic_0.9.3-2ubuntu1_all.deb ...
Unpacking python3-alembic (0.9.3-2ubuntu1) ...
Selecting previously unselected package libjs-jquery.
Preparing to unpack .../03-libjs-jquery_3.2.1-1_all.deb ...
Unpacking libjs-jquery (3.2.1-1) ...
Selecting previously unselected package libjs-underscore.
Preparing to unpack .../04-libjs-underscore_1.8.3~dfsg-1_all.deb ...
Unpacking libjs-underscore (1.8.3~dfsg-1) ...
Selecting previously unselected package libjs-sphinxdoc.
Preparing to unpack .../05-libjs-sphinxdoc_1.6.7-1ubuntu1_all.deb ...
Unpacking libjs-sphinxdoc (1.6.7-1ubuntu1) ...
Selecting previously unselected package alembic.
Preparing to unpack .../06-alembic_0.9.3-2ubuntu1_all.deb ...
Unpacking alembic (0.9.3-2ubuntu1) ...
Selecting previously unselected package fonts-font-awesome.
Preparing to unpack .../07-fonts-font-awesome_4.7.0~dfsg-3_all.deb ...
Unpacking fonts-font-awesome (4.7.0~dfsg-3) ...
Selecting previously unselected package fonts-open-sans.
Preparing to unpack .../08-fonts-open-sans_1.11-1_all.deb ...
Unpacking fonts-open-sans (1.11-1) ...
Selecting previously unselected package fonts-roboto-unhinted.
Preparing to unpack .../09-fonts-roboto-unhinted_2%3a0~20160106-2_all.deb ...
Unpacking fonts-roboto-unhinted (2:0~20160106-2) ...
Selecting previously unselected package python3-asn1crypto.
Preparing to unpack .../10-python3-asn1crypto_0.24.0-1_all.deb ...
Unpacking python3-asn1crypto (0.24.0-1) ...
Selecting previously unselected package python3-cryptography.
Preparing to unpack .../11-python3-cryptography_2.1.4-1ubuntu1.3_amd64.deb ...
Unpacking python3-cryptography (2.1.4-1ubuntu1.3) ...
Selecting previously unselected package python3-colorama.
Preparing to unpack .../12-python3-colorama_0.3.7-1_all.deb ...
Unpacking python3-colorama (0.3.7-1) ...
Selecting previously unselected package python3-click.
Preparing to unpack .../13-python3-click_6.7-3_all.deb ...
Unpacking python3-click (6.7-3) ...
Selecting previously unselected package python3-itsdangerous.
Preparing to unpack .../14-python3-itsdangerous_0.24+dfsg1-2_all.deb ...
Unpacking python3-itsdangerous (0.24+dfsg1-2) ...
Selecting previously unselected package python3-jinja2.
Preparing to unpack .../15-python3-jinja2_2.10-1ubuntu0.18.04.1_all.deb ...
Unpacking python3-jinja2 (2.10-1ubuntu0.18.04.1) ...
Selecting previously unselected package python3-werkzeug.
Preparing to unpack .../16-python3-werkzeug_0.14.1+dfsg1-1_all.deb ...
Unpacking python3-werkzeug (0.14.1+dfsg1-1) ...
Selecting previously unselected package python3-flask.
Preparing to unpack .../17-python3-flask_0.12.2-3_all.deb ...
Unpacking python3-flask (0.12.2-3) ...
Selecting previously unselected package python-babel-localedata.
Preparing to unpack .../18-python-babel-localedata_2.4.0+dfsg.1-2ubuntu1_all.deb ...
Unpacking python-babel-localedata (2.4.0+dfsg.1-2ubuntu1) ...
Selecting previously unselected package python3-babel.
Preparing to unpack .../19-python3-babel_2.4.0+dfsg.1-2ubuntu1_all.deb ...
Unpacking python3-babel (2.4.0+dfsg.1-2ubuntu1) ...
Selecting previously unselected package python3-flask-babelex.
Preparing to unpack .../20-python3-flask-babelex_0.9.3-1~pgdg18.04+1_all.deb ...
Unpacking python3-flask-babelex (0.9.3-1~pgdg18.04+1) ...
Selecting previously unselected package python3-flask-compress.
Preparing to unpack .../21-python3-flask-compress_1.4.0-1_all.deb ...
Unpacking python3-flask-compress (1.4.0-1) ...
Selecting previously unselected package python3-flask-gravatar.
Preparing to unpack .../22-python3-flask-gravatar_0.4.2-1_all.deb ...
Unpacking python3-flask-gravatar (0.4.2-1) ...
Selecting previously unselected package python3-htmlmin.
Preparing to unpack .../23-python3-htmlmin_0.1.12-1_all.deb ...
Unpacking python3-htmlmin (0.1.12-1) ...
Selecting previously unselected package python3-flask-htmlmin.
Preparing to unpack .../24-python3-flask-htmlmin_1.3.2-1~pgdg18.04+1_all.deb ...
Unpacking python3-flask-htmlmin (1.3.2-1~pgdg18.04+1) ...
Selecting previously unselected package python3-flask-login.
Preparing to unpack .../25-python3-flask-login_0.4.0-2_all.deb ...
Unpacking python3-flask-login (0.4.0-2) ...
Selecting previously unselected package python3-flask-sqlalchemy.
Preparing to unpack .../26-python3-flask-sqlalchemy_2.1-3build1_all.deb ...
Unpacking python3-flask-sqlalchemy (2.1-3build1) ...
Selecting previously unselected package python3-flask-migrate.
Preparing to unpack .../27-python3-flask-migrate_2.1.1-2_all.deb ...
Unpacking python3-flask-migrate (2.1.1-2) ...
Selecting previously unselected package python3-flask-paranoid.
Preparing to unpack .../28-python3-flask-paranoid_0.2.0-2_all.deb ...
Unpacking python3-flask-paranoid (0.2.0-2) ...
Selecting previously unselected package python3-blinker.
Preparing to unpack .../29-python3-blinker_1.4+dfsg1-0.1_all.deb ...
Unpacking python3-blinker (1.4+dfsg1-0.1) ...
Selecting previously unselected package python3-flask-mail.
Preparing to unpack .../30-python3-flask-mail_0.9.1+dfsg1-1_all.deb ...
Unpacking python3-flask-mail (0.9.1+dfsg1-1) ...
Selecting previously unselected package python3-flask-principal.
Preparing to unpack .../31-python3-flask-principal_0.4.0-1build1_all.deb ...
Unpacking python3-flask-principal (0.4.0-1build1) ...
Selecting previously unselected package python3-wtforms.
Preparing to unpack .../32-python3-wtforms_2.1-1_all.deb ...
Unpacking python3-wtforms (2.1-1) ...
Selecting previously unselected package python3-flaskext.wtf.
Preparing to unpack .../33-python3-flaskext.wtf_0.14.2-2_all.deb ...
Unpacking python3-flaskext.wtf (0.14.2-2) ...
Selecting previously unselected package python3-passlib.
Preparing to unpack .../34-python3-passlib_1.7.1-1_all.deb ...
Unpacking python3-passlib (1.7.1-1) ...
Selecting previously unselected package python3-flask-security.
Preparing to unpack .../35-python3-flask-security_1.7.5-2_all.deb ...
Unpacking python3-flask-security (1.7.5-2) ...
Selecting previously unselected package python3-psycopg2.
Preparing to unpack .../36-python3-psycopg2_2.8.4-1~pgdg18.04+1_amd64.deb ...
Unpacking python3-psycopg2 (2.8.4-1~pgdg18.04+1) ...
Selecting previously unselected package python3-simplejson.
Preparing to unpack .../37-python3-simplejson_3.13.2-1_amd64.deb ...
Unpacking python3-simplejson (3.13.2-1) ...
Selecting previously unselected package python3-sqlparse.
Preparing to unpack .../38-python3-sqlparse_0.2.4-0.1_all.deb ...
Unpacking python3-sqlparse (0.2.4-0.1) ...
Selecting previously unselected package python3-pyasn1.
Preparing to unpack .../39-python3-pyasn1_0.4.2-3_all.deb ...
Unpacking python3-pyasn1 (0.4.2-3) ...
Selecting previously unselected package python3-paramiko.
Preparing to unpack .../40-python3-paramiko_2.0.0-1ubuntu1.2_all.deb ...
Unpacking python3-paramiko (2.0.0-1ubuntu1.2) ...
Selecting previously unselected package python3-sshtunnel.
Preparing to unpack .../41-python3-sshtunnel_0.1.4-1~pgdg18.04+1_all.deb ...
Unpacking python3-sshtunnel (0.1.4-1~pgdg18.04+1) ...
Selecting previously unselected package pgadmin4-common.
Preparing to unpack .../42-pgadmin4-common_4.15-1.pgdg18.04+1_all.deb ...
Unpacking pgadmin4-common (4.15-1.pgdg18.04+1) ...
Selecting previously unselected package pgadmin4.
Preparing to unpack .../43-pgadmin4_4.15-1.pgdg18.04+1_amd64.deb ...
Unpacking pgadmin4 (4.15-1.pgdg18.04+1) ...
Setting up libjs-jquery (3.2.1-1) ...
Setting up python3-werkzeug (0.14.1+dfsg1-1) ...
Setting up python3-sqlalchemy (1.1.11+ds1-1ubuntu1) ...
Setting up python3-passlib (1.7.1-1) ...
Setting up python3-htmlmin (0.1.12-1) ...
Setting up libjs-underscore (1.8.3~dfsg-1) ...
Setting up python3-sqlparse (0.2.4-0.1) ...
Setting up python3-simplejson (3.13.2-1) ...
Setting up python3-colorama (0.3.7-1) ...
Setting up libjs-sphinxdoc (1.6.7-1ubuntu1) ...
Setting up fonts-open-sans (1.11-1) ...
Setting up fonts-font-awesome (4.7.0~dfsg-3) ...
Setting up python3-asn1crypto (0.24.0-1) ...
Setting up python3-blinker (1.4+dfsg1-0.1) ...
Setting up python3-psycopg2 (2.8.4-1~pgdg18.04+1) ...
Setting up python3-pyasn1 (0.4.2-3) ...
Setting up python3-wtforms (2.1-1) ...
Setting up python3-jinja2 (2.10-1ubuntu0.18.04.1) ...
Setting up python-babel-localedata (2.4.0+dfsg.1-2ubuntu1) ...
Setting up python3-itsdangerous (0.24+dfsg1-2) ...
Setting up python3-dateutil (2.6.1-1) ...
Setting up fonts-roboto-unhinted (2:0~20160106-2) ...
Setting up python3-cryptography (2.1.4-1ubuntu1.3) ...
Setting up python3-paramiko (2.0.0-1ubuntu1.2) ...
Setting up python3-click (6.7-3) ...
Setting up python3-alembic (0.9.3-2ubuntu1) ...
Setting up python3-sshtunnel (0.1.4-1~pgdg18.04+1) ...
Setting up python3-babel (2.4.0+dfsg.1-2ubuntu1) ...
update-alternatives: using /usr/bin/pybabel-python3 to provide /usr/bin/pybabel (pybabel) in auto mode
Setting up alembic (0.9.3-2ubuntu1) ...
Setting up python3-flask (0.12.2-3) ...
Setting up python3-flask-sqlalchemy (2.1-3build1) ...
Setting up python3-flask-babelex (0.9.3-1~pgdg18.04+1) ...
Setting up python3-flask-migrate (2.1.1-2) ...
Setting up python3-flask-paranoid (0.2.0-2) ...
Setting up python3-flask-compress (1.4.0-1) ...
Setting up python3-flask-htmlmin (1.3.2-1~pgdg18.04+1) ...
Setting up python3-flask-gravatar (0.4.2-1) ...
Setting up python3-flask-login (0.4.0-2) ...
Setting up python3-flaskext.wtf (0.14.2-2) ...
Setting up python3-flask-mail (0.9.1+dfsg1-1) ...
Setting up python3-flask-principal (0.4.0-1build1) ...
Setting up python3-flask-security (1.7.5-2) ...
Setting up pgadmin4-common (4.15-1.pgdg18.04+1) ...
Setting up pgadmin4 (4.15-1.pgdg18.04+1) ...
Processing triggers for mime-support (3.60ubuntu1) ...
Processing triggers for desktop-file-utils (0.23+linuxmint6) ...
Processing triggers for doc-base (0.10.8) ...
Processing 1 added doc-base file...
Registering documents with scrollkeeper...
Processing triggers for man-db (2.8.3-2ubuntu0.1) ...
Processing triggers for gnome-menus (3.13.3-11ubuntu1.1) ...
Processing triggers for hicolor-icon-theme (0.17-2) ...
Processing triggers for fontconfig (2.12.6-0ubuntu2) ...
odmint@odlm:~$ sudo su postgres
postgres@odlm:/home/odmint$ psql
psql (12.1 (Ubuntu 12.1-1.pgdg18.04+1))
Type "help" for help.

postgres=# CREATE DATABASE test_database WITH OWNER odm;
CREATE DATABASE
postgres=# \connect test_database;
You are now connected to database "test_database" as user "postgres".
test_database=#  \l
                                    List of databases
     Name      |  Owner   | Encoding |   Collate   |    Ctype    |   Access privileges   
---------------+----------+----------+-------------+-------------+-----------------------
 postgres      | postgres | UTF8     | en_GB.UTF-8 | en_GB.UTF-8 | 
 template0     | postgres | UTF8     | en_GB.UTF-8 | en_GB.UTF-8 | =c/postgres          +
               |          |          |             |             | postgres=CTc/postgres
 template1     | postgres | UTF8     | en_GB.UTF-8 | en_GB.UTF-8 | =c/postgres          +
               |          |          |             |             | postgres=CTc/postgres
 test_database | odm      | UTF8     | en_GB.UTF-8 | en_GB.UTF-8 | 
(4 rows)

test_database=# exit
postgres@odlm:/home/odmint$ exit
exit
odmint@odlm:~$ sudo su odm
[sudo] password for odmint:          
Sorry, try again.
[sudo] password for odmint:          
odm@odlm:/home/odmint$ psql
psql: error: could not connect to server: FATAL:  database "odm" does not exist
odm@odlm:/home/odmint$ psql -d test_database -U odm
psql (12.1 (Ubuntu 12.1-1.pgdg18.04+1))
Type "help" for help.

test_database=# exit
odm@odlm:/home/odmint$ exit
exit


odmint@odlm:~$ psql -d postgres -U odm
psql: error: could not connect to server: FATAL:  Peer authentication failed for user "odm"
odmint@odlm:~$ psql -d template0 -U odm
psql: error: could not connect to server: FATAL:  Peer authentication failed for user "odm"
odmint@odlm:~$ psql -d test_database -U odm
psql: error: could not connect to server: FATAL:  Peer authentication failed for user "odm"
odmint@odlm:~$ sudo su 
root@odlm:/home/odmint# exit
exit
odmint@odlm:~$ psql -d test_database -U odm
psql: error: could not connect to server: FATAL:  Peer authentication failed for user "odm"
odmint@odlm:~$ sudo su 
root@odlm:/home/odmint# psql
psql: error: could not connect to server: FATAL:  role "root" does not exist
root@odlm:/home/odmint# su - odm
odm@odlm:~$ psql
psql: error: could not connect to server: FATAL:  database "odm" does not exist
odm@odlm:~$ psql -d test_database
psql (12.1 (Ubuntu 12.1-1.pgdg18.04+1))
Type "help" for help.

test_database=# \connect test_database
You are now connected to database "test_database" as user "odm".
test_database=# 
